--- SKIPPED LEAGUES & ERRORS (2026-03-28) ---
[328] BAL - Dar City (Tan) @ Nairobi City Thunder (Ken) - SKIP: Both Dar City (Tan) and Nairobi City Thunder (Ken) have 0 games played. Skipping to prevent identical dummy baseline projections.
[328] BAL - Petro Atletico (Ang) @ Al Ahly (Lby) - SKIP: Both Petro Atletico (Ang) and Al Ahly (Lby) have 0 games played. Skipping to prevent identical dummy baseline projections.
[224] LNB 2 - Antofagasta @ Luis Matte Larrain - SKIP: Team stats not found: Antofagasta
[224] LNB 2 - Quilpue Basquetbol @ Humboldt - SKIP: Team stats not found: Humboldt
[224] LNB 2 - CD Huachipato @ CDB La Union - SKIP: Team stats not found: CDB La Union
[224] LNB 2 - Pucon @ Escolar Aleman - SKIP: Team stats not found: Pucon
[215] NBL1 East - Canberra @ Manly W. - SKIP: Both Canberra and Manly W. have 0 games played. Skipping to prevent identical dummy baseline projections.
[215] NBL1 East - Penrith P. @ BA CoE - SKIP: Both Penrith P. and BA CoE have 0 games played. Skipping to prevent identical dummy baseline projections.
[215] NBL1 East - Central Coast Crusaders @ Hornsby S. - SKIP: Both Central Coast Crusaders and Hornsby S. have 0 games played. Skipping to prevent identical dummy baseline projections.
[215] NBL1 East - Hills Hornets @ Inner West Bulls - SKIP: Both Hills Hornets and Inner West Bulls have 0 games played. Skipping to prevent identical dummy baseline projections.
[215] NBL1 East - Illawarra Hawks 2 @ Maitland M. - SKIP: Both Illawarra Hawks 2 and Maitland M. have 0 games played. Skipping to prevent identical dummy baseline projections.
[215] NBL1 East - Norths Bears @ Newcastle Falcons - SKIP: Both Norths Bears and Newcastle Falcons have 0 games played. Skipping to prevent identical dummy baseline projections.
[215] NBL1 East - Sydney Comets @ Sutherland Sharks - SKIP: Both Sydney Comets and Sutherland Sharks have 0 games played. Skipping to prevent identical dummy baseline projections.
[215] NBL1 East - Bankstown Bruins @ Albury-Wodonga Bandits - SKIP: Both Bankstown Bruins and Albury-Wodonga Bandits have 0 games played. Skipping to prevent identical dummy baseline projections.
[216] NBL1 East Women - Canberra W @ Manly W. W - SKIP: Both Canberra W and Manly W. W have 0 games played. Skipping to prevent identical dummy baseline projections.
[216] NBL1 East Women - Penrith P. W @ BA CoE W - SKIP: Both Penrith P. W and BA CoE W have 0 games played. Skipping to prevent identical dummy baseline projections.
[216] NBL1 East Women - Central Coast W @ Hornsby S. W - SKIP: Both Central Coast W and Hornsby S. W have 0 games played. Skipping to prevent identical dummy baseline projections.
[216] NBL1 East Women - Hills Hornets W @ Inner West Bulls W - SKIP: Both Hills Hornets W and Inner West Bulls W have 0 games played. Skipping to prevent identical dummy baseline projections.
[216] NBL1 East Women - Illawarra Hawks W @ Maitland Mustangs W - SKIP: Both Illawarra Hawks W and Maitland Mustangs W have 0 games played. Skipping to prevent identical dummy baseline projections.
[216] NBL1 East Women - Norths Bears W @ Newcastle Falcons W - SKIP: Both Norths Bears W and Newcastle Falcons W have 0 games played. Skipping to prevent identical dummy baseline projections.
[216] NBL1 East Women - Sydney Comets W @ Sutherland Sharks W - SKIP: Both Sydney Comets W and Sutherland Sharks W have 0 games played. Skipping to prevent identical dummy baseline projections.
[216] NBL1 East Women - Bankstown Bruins W @ Albury W - SKIP: Both Bankstown Bruins W and Albury W have 0 games played. Skipping to prevent identical dummy baseline projections.
[209] NBL1 South - Kilsyth @ Geelong - SKIP: Both Kilsyth and Geelong have 0 games played. Skipping to prevent identical dummy baseline projections.
[209] NBL1 South - Frankston @ Hobart Chargers - SKIP: Both Frankston and Hobart Chargers have 0 games played. Skipping to prevent identical dummy baseline projections.
[209] NBL1 South - Bendigo Braves @ Ballarat - SKIP: Both Bendigo Braves and Ballarat have 0 games played. Skipping to prevent identical dummy baseline projections.
[209] NBL1 South - Casey Cavaliers @ Dandenong - SKIP: Both Casey Cavaliers and Dandenong have 0 games played. Skipping to prevent identical dummy baseline projections.
[209] NBL1 South - Eltham @ Diamond Valley - SKIP: Both Eltham and Diamond Valley have 0 games played. Skipping to prevent identical dummy baseline projections.
[209] NBL1 South - Knox @ Keilor Thunder - SKIP: Both Knox and Keilor Thunder have 0 games played. Skipping to prevent identical dummy baseline projections.
[209] NBL1 South - Mt Gambier @ Ringwood - SKIP: Both Mt Gambier and Ringwood have 0 games played. Skipping to prevent identical dummy baseline projections.
[209] NBL1 South - Nunawading @ Northern Tasmania - SKIP: Both Nunawading and Northern Tasmania have 0 games played. Skipping to prevent identical dummy baseline projections.
[210] NBL1 South Women - Kilsyth W @ Geelong W - SKIP: Both Kilsyth W and Geelong W have 0 games played. Skipping to prevent identical dummy baseline projections.
[210] NBL1 South Women - Frankston W @ Hobart Chargers W - SKIP: Both Frankston W and Hobart Chargers W have 0 games played. Skipping to prevent identical dummy baseline projections.
[210] NBL1 South Women - Bendigo Braves W @ Ballarat W - SKIP: Both Bendigo Braves W and Ballarat W have 0 games played. Skipping to prevent identical dummy baseline projections.
[210] NBL1 South Women - Casey Cavaliers W @ Dandenong Rangers W - SKIP: Both Casey Cavaliers W and Dandenong Rangers W have 0 games played. Skipping to prevent identical dummy baseline projections.
[210] NBL1 South Women - Eltham W @ Diamond Valley W - SKIP: Both Eltham W and Diamond Valley W have 0 games played. Skipping to prevent identical dummy baseline projections.
[210] NBL1 South Women - Knox W @ Keilor Thunder W - SKIP: Both Knox W and Keilor Thunder W have 0 games played. Skipping to prevent identical dummy baseline projections.
[210] NBL1 South Women - Mt. Gambier W @ Ringwood W - SKIP: Both Mt. Gambier W and Ringwood W have 0 games played. Skipping to prevent identical dummy baseline projections.
[210] NBL1 South Women - Nunawading W @ Northern Tasmania W - SKIP: Both Nunawading W and Northern Tasmania W have 0 games played. Skipping to prevent identical dummy baseline projections.
[214] NBL1 West - Warwick Senators @ Geraldton Buccaneers - SKIP: Team stats not found: Warwick Senators, Geraldton Buccaneers
[214] NBL1 West - East Perth Eagles @ Willetton Tigers - SKIP: Both East Perth Eagles and Willetton Tigers have 0 games played. Skipping to prevent identical dummy baseline projections.
[214] NBL1 West - South West Slammers @ Goldfields Giants - SKIP: Both South West Slammers and Goldfields Giants have 0 games played. Skipping to prevent identical dummy baseline projections.
[214] NBL1 West - Joondalup Wolves @ Lakeside Lightning - SKIP: Both Joondalup Wolves and Lakeside Lightning have 0 games played. Skipping to prevent identical dummy baseline projections.
[213] NBL1 West Women - East Perth Eagles W @ Willetton Tigers W - SKIP: Both East Perth Eagles W and Willetton Tigers W have 0 games played. Skipping to prevent identical dummy baseline projections.
[213] NBL1 West Women - South West Slammers W @ Goldfields Giants W - SKIP: Both South West Slammers W and Goldfields Giants W have 0 games played. Skipping to prevent identical dummy baseline projections.
[213] NBL1 West Women - Joondalup Wolves W @ Lakeside Lightning W - SKIP: Both Joondalup Wolves W and Lakeside Lightning W have 0 games played. Skipping to prevent identical dummy baseline projections.
