--- SKIPPED LEAGUES & ERRORS (2026-03-29) ---
[328] BAL - Petro Atletico (Ang) @ A.P.R. (Rwa) - SKIP: Team stats not found: A.P.R. (Rwa)
[328] BAL - Joburg Giants (Rsa) @ Nairobi City Thunder (Ken) - SKIP: Both Joburg Giants (Rsa) and Nairobi City Thunder (Ken) have 0 games played. Skipping to prevent identical dummy baseline projections.
[395] Greek Cup Women - SKIP: no config available
[224] LNB 2 - Quilpue Basquetbol @ Humboldt - SKIP: Team stats not found: Humboldt
[215] NBL1 East - Illawarra Hawks 2 @ Hornsby S. - SKIP: Both Illawarra Hawks 2 and Hornsby S. have 0 games played. Skipping to prevent identical dummy baseline projections.
[215] NBL1 East - Bankstown Bruins @ BA CoE - SKIP: Both Bankstown Bruins and BA CoE have 0 games played. Skipping to prevent identical dummy baseline projections.
[215] NBL1 East - Hills Hornets @ Newcastle Falcons - SKIP: Both Hills Hornets and Newcastle Falcons have 0 games played. Skipping to prevent identical dummy baseline projections.
[215] NBL1 East - Norths Bears @ Central Coast Crusaders - SKIP: Both Norths Bears and Central Coast Crusaders have 0 games played. Skipping to prevent identical dummy baseline projections.
[216] NBL1 East Women - Illawarra Hawks W @ Hornsby S. W - SKIP: Both Illawarra Hawks W and Hornsby S. W have 0 games played. Skipping to prevent identical dummy baseline projections.
[216] NBL1 East Women - Hills Hornets W @ Newcastle Falcons W - SKIP: Both Hills Hornets W and Newcastle Falcons W have 0 games played. Skipping to prevent identical dummy baseline projections.
[216] NBL1 East Women - Bankstown Bruins W @ BA CoE W - SKIP: Both Bankstown Bruins W and BA CoE W have 0 games played. Skipping to prevent identical dummy baseline projections.
[216] NBL1 East Women - Norths Bears W @ Central Coast W - SKIP: Both Norths Bears W and Central Coast W have 0 games played. Skipping to prevent identical dummy baseline projections.
[209] NBL1 South - Diamond Valley @ Ballarat - SKIP: Both Diamond Valley and Ballarat have 0 games played. Skipping to prevent identical dummy baseline projections.
[209] NBL1 South - Mt Gambier @ Melbourne Tigers - SKIP: Both Mt Gambier and Melbourne Tigers have 0 games played. Skipping to prevent identical dummy baseline projections.
[209] NBL1 South - Sandringham Sabres @ Waverley - SKIP: Both Sandringham Sabres and Waverley have 0 games played. Skipping to prevent identical dummy baseline projections.
[210] NBL1 South Women - Diamond Valley W @ Ballarat W - SKIP: Both Diamond Valley W and Ballarat W have 0 games played. Skipping to prevent identical dummy baseline projections.
[210] NBL1 South Women - Mt. Gambier W @ Melbourne Tigers W - SKIP: Both Mt. Gambier W and Melbourne Tigers W have 0 games played. Skipping to prevent identical dummy baseline projections.
[210] NBL1 South Women - Sandringham W @ Waverley W - SKIP: Both Sandringham W and Waverley W have 0 games played. Skipping to prevent identical dummy baseline projections.
[165] Spanish Cup Women - SKIP: no config available
